nohup: ignoring input
=============== --backbone resnet18 --no_skip --no_attention ===============
Using backbone: resnet18, Skip connections: False, Attention: False
Train size of images: 10000
Train size of maps: 10000
Train size of fixations: 10000
Val size: 3500
Test size: 1500
Selected device: cuda
EPOCH 1/6
TRAIN - EPOCH 1/6 - loss: 0.545585036277771
VALIDATION - EPOCH 1/6 - loss: 0.44166575964183025

EPOCH 2/6
TRAIN - EPOCH 2/6 - loss: 0.47922569513320923
VALIDATION - EPOCH 2/6 - loss: 0.40500874742525356

EPOCH 3/6
TRAIN - EPOCH 3/6 - loss: 0.4427434504032135
VALIDATION - EPOCH 3/6 - loss: 0.3850837924164724

EPOCH 4/6
TRAIN - EPOCH 4/6 - loss: 0.4222854971885681
VALIDATION - EPOCH 4/6 - loss: 0.36927032892562484

EPOCH 5/6
TRAIN - EPOCH 5/6 - loss: 0.40756654739379883
VALIDATION - EPOCH 5/6 - loss: 0.36754062649321884

EPOCH 6/6
TRAIN - EPOCH 6/6 - loss: 0.3995262086391449
VALIDATION - EPOCH 6/6 - loss: 0.3613318902988956

EPOCH 1/50
TRAIN - EPOCH 1/50 - loss: 0.34496942162513733
VALIDATION - EPOCH 1/50 - loss: 0.2838846350505472

EPOCH 2/50
TRAIN - EPOCH 2/50 - loss: 0.29430240392684937
VALIDATION - EPOCH 2/50 - loss: 0.2660624554984646

EPOCH 3/50
TRAIN - EPOCH 3/50 - loss: 0.2732822895050049
VALIDATION - EPOCH 3/50 - loss: 0.2546920862780314

EPOCH 4/50
TRAIN - EPOCH 4/50 - loss: 0.25867512822151184
VALIDATION - EPOCH 4/50 - loss: 0.2479177080605128

EPOCH 5/50
TRAIN - EPOCH 5/50 - loss: 0.24868835508823395
VALIDATION - EPOCH 5/50 - loss: 0.24990319879087683

EPOCH 6/50
TRAIN - EPOCH 6/50 - loss: 0.23926962912082672
VALIDATION - EPOCH 6/50 - loss: 0.24327445057429134

EPOCH 7/50
TRAIN - EPOCH 7/50 - loss: 0.23041264712810516
VALIDATION - EPOCH 7/50 - loss: 0.24127214765984173

EPOCH 8/50
TRAIN - EPOCH 8/50 - loss: 0.22332358360290527
VALIDATION - EPOCH 8/50 - loss: 0.24036458114238635

EPOCH 9/50
TRAIN - EPOCH 9/50 - loss: 0.2174348086118698
VALIDATION - EPOCH 9/50 - loss: 0.2437194852524152

EPOCH 10/50
TRAIN - EPOCH 10/50 - loss: 0.21075795590877533
VALIDATION - EPOCH 10/50 - loss: 0.24234744348482454

EPOCH 11/50
TRAIN - EPOCH 11/50 - loss: 0.20523051917552948
VALIDATION - EPOCH 11/50 - loss: 0.24306166464607465

EPOCH 12/50
TRAIN - EPOCH 12/50 - loss: 0.19924892485141754
VALIDATION - EPOCH 12/50 - loss: 0.2421946726977553

EPOCH 13/50
TRAIN - EPOCH 13/50 - loss: 0.19183406233787537
VALIDATION - EPOCH 13/50 - loss: 0.2428059438456139


VALIDATION METRICS: 
SIM: 0.7658344824654716
 CC: 0.8728659215654646
 NSS: 1.809893374306815
 KL: 0.24033788800239564


TEST METRICS: 
SIM: 0.7679248269399007
 CC: 0.8731463807423909
 NSS: 1.79364630762736
 KL: 0.23564056388537089

Evaluating Center Baseline vs Model...

Baseline Comparison Results:
KL  -> Model: 0.2403 | Center: 0.7932 | Difference: -0.5528
CC  -> Model: 0.8729 | Center: 0.5354 | Difference: +0.3374
NSS -> Model: 1.8099 | Center: 0.9637 | Difference: +0.8462

=============== --backbone resnet18 --no_attention ===============
Using backbone: resnet18, Skip connections: True, Attention: False
Train size of images: 10000
Train size of maps: 10000
Train size of fixations: 10000
Val size: 3500
Test size: 1500
Selected device: cuda
EPOCH 1/6
TRAIN - EPOCH 1/6 - loss: 0.35875070095062256
VALIDATION - EPOCH 1/6 - loss: 0.28708933259798514

EPOCH 2/6
TRAIN - EPOCH 2/6 - loss: 0.31176987290382385
VALIDATION - EPOCH 2/6 - loss: 0.27821566150885196

EPOCH 3/6
TRAIN - EPOCH 3/6 - loss: 0.3007727563381195
VALIDATION - EPOCH 3/6 - loss: 0.27307745508135184

EPOCH 4/6
TRAIN - EPOCH 4/6 - loss: 0.2950260043144226
VALIDATION - EPOCH 4/6 - loss: 0.27006534823816114

EPOCH 5/6
TRAIN - EPOCH 5/6 - loss: 0.28949880599975586
VALIDATION - EPOCH 5/6 - loss: 0.2847305153875046

EPOCH 6/6
TRAIN - EPOCH 6/6 - loss: 0.28421714901924133
VALIDATION - EPOCH 6/6 - loss: 0.2678311694430434

EPOCH 1/50
TRAIN - EPOCH 1/50 - loss: 0.2725151479244232
VALIDATION - EPOCH 1/50 - loss: 0.248340263418411

EPOCH 2/50
TRAIN - EPOCH 2/50 - loss: 0.25168555974960327
VALIDATION - EPOCH 2/50 - loss: 0.24006052614619197

EPOCH 3/50
TRAIN - EPOCH 3/50 - loss: 0.24157924950122833
VALIDATION - EPOCH 3/50 - loss: 0.24313860165474077

EPOCH 4/50
TRAIN - EPOCH 4/50 - loss: 0.2319675087928772
VALIDATION - EPOCH 4/50 - loss: 0.23524802555776622

EPOCH 5/50
TRAIN - EPOCH 5/50 - loss: 0.22515513002872467
VALIDATION - EPOCH 5/50 - loss: 0.23419872559096716

EPOCH 6/50
TRAIN - EPOCH 6/50 - loss: 0.21803267300128937
VALIDATION - EPOCH 6/50 - loss: 0.23723366223785974

EPOCH 7/50
TRAIN - EPOCH 7/50 - loss: 0.21259887516498566
VALIDATION - EPOCH 7/50 - loss: 0.23590415090186412

EPOCH 8/50
TRAIN - EPOCH 8/50 - loss: 0.20662254095077515
VALIDATION - EPOCH 8/50 - loss: 0.23387680709634198

EPOCH 9/50
TRAIN - EPOCH 9/50 - loss: 0.20065324008464813
VALIDATION - EPOCH 9/50 - loss: 0.23416744165768907

EPOCH 10/50
TRAIN - EPOCH 10/50 - loss: 0.19680261611938477
VALIDATION - EPOCH 10/50 - loss: 0.23449316818148033

EPOCH 11/50
TRAIN - EPOCH 11/50 - loss: 0.19180864095687866
VALIDATION - EPOCH 11/50 - loss: 0.236104598396445

EPOCH 12/50
TRAIN - EPOCH 12/50 - loss: 0.18755550682544708
VALIDATION - EPOCH 12/50 - loss: 0.23508846099790373

EPOCH 13/50
TRAIN - EPOCH 13/50 - loss: 0.18131399154663086
VALIDATION - EPOCH 13/50 - loss: 0.23531682904996828


VALIDATION METRICS: 
SIM: 0.7718958331516811
 CC: 0.880167911529541
 NSS: 1.8609128935677666
 KL: 0.23385830811091832


TEST METRICS: 
SIM: 0.773623207728068
 CC: 0.8798594360351563
 NSS: 1.8420184211730957
 KL: 0.23093879814942678

Evaluating Center Baseline vs Model...

Baseline Comparison Results:
KL  -> Model: 0.2339 | Center: 0.7932 | Difference: -0.5593
CC  -> Model: 0.8802 | Center: 0.5354 | Difference: +0.3447
NSS -> Model: 1.8609 | Center: 0.9637 | Difference: +0.8972

=============== --backbone resnet18 ===============
Using backbone: resnet18, Skip connections: True, Attention: True
Train size of images: 10000
Train size of maps: 10000
Train size of fixations: 10000
Val size: 3500
Test size: 1500
Selected device: cuda
EPOCH 1/6
/home/marti/rocm_env/lib/python3.12/site-packages/torch/nn/functional.py:5501: UserWarning: Attempting to use hipBLASLt on an unsupported architecture! Overriding blas backend to hipblas (Triggered internally at ../aten/src/ATen/Context.cpp:296.)
  proj = linear(q, w, b)
TRAIN - EPOCH 1/6 - loss: 0.35908398032188416
VALIDATION - EPOCH 1/6 - loss: 0.2872768788849382

EPOCH 2/6
TRAIN - EPOCH 2/6 - loss: 0.3115367293357849
VALIDATION - EPOCH 2/6 - loss: 0.27820658363980244

EPOCH 3/6
TRAIN - EPOCH 3/6 - loss: 0.3003997504711151
VALIDATION - EPOCH 3/6 - loss: 0.2736143135725091

EPOCH 4/6
TRAIN - EPOCH 4/6 - loss: 0.2946400046348572
VALIDATION - EPOCH 4/6 - loss: 0.26934398778769525

EPOCH 5/6
TRAIN - EPOCH 5/6 - loss: 0.28935959935188293
VALIDATION - EPOCH 5/6 - loss: 0.2856319695711136

EPOCH 6/6
TRAIN - EPOCH 6/6 - loss: 0.2835846543312073
VALIDATION - EPOCH 6/6 - loss: 0.26689740886154784

EPOCH 1/50
TRAIN - EPOCH 1/50 - loss: 0.27148139476776123
VALIDATION - EPOCH 1/50 - loss: 0.24586420434795014

EPOCH 2/50
TRAIN - EPOCH 2/50 - loss: 0.25056180357933044
VALIDATION - EPOCH 2/50 - loss: 0.23834824269492877

EPOCH 3/50
TRAIN - EPOCH 3/50 - loss: 0.24015016853809357
VALIDATION - EPOCH 3/50 - loss: 0.23997158955221307

EPOCH 4/50
TRAIN - EPOCH 4/50 - loss: 0.23061208426952362
VALIDATION - EPOCH 4/50 - loss: 0.23266713579767914

EPOCH 5/50
TRAIN - EPOCH 5/50 - loss: 0.22317110002040863
VALIDATION - EPOCH 5/50 - loss: 0.23165237209568285

EPOCH 6/50
TRAIN - EPOCH 6/50 - loss: 0.2175988256931305
VALIDATION - EPOCH 6/50 - loss: 0.2400891517531382

EPOCH 7/50
TRAIN - EPOCH 7/50 - loss: 0.21314221620559692
VALIDATION - EPOCH 7/50 - loss: 0.23102712733288333

EPOCH 8/50
TRAIN - EPOCH 8/50 - loss: 0.20705950260162354
VALIDATION - EPOCH 8/50 - loss: 0.22980197991954682

EPOCH 9/50
TRAIN - EPOCH 9/50 - loss: 0.20215462148189545
VALIDATION - EPOCH 9/50 - loss: 0.23152980208396912

EPOCH 10/50
TRAIN - EPOCH 10/50 - loss: 0.19863463938236237
VALIDATION - EPOCH 10/50 - loss: 0.23108288822653086

EPOCH 11/50
TRAIN - EPOCH 11/50 - loss: 0.1946195513010025
VALIDATION - EPOCH 11/50 - loss: 0.2317246003374117

EPOCH 12/50
TRAIN - EPOCH 12/50 - loss: 0.19020316004753113
VALIDATION - EPOCH 12/50 - loss: 0.23189375518936

EPOCH 13/50
TRAIN - EPOCH 13/50 - loss: 0.1849629282951355
VALIDATION - EPOCH 13/50 - loss: 0.2343182448110624


VALIDATION METRICS: 
SIM: 0.7734217586517333
 CC: 0.8821887326921736
 NSS: 1.8596202790396554
 KL: 0.22979363906383515


TEST METRICS: 
SIM: 0.775759132385254
 CC: 0.8824581851959229
 NSS: 1.8418967628479004
 KL: 0.22593968685468038

Evaluating Center Baseline vs Model...

Baseline Comparison Results:
KL  -> Model: 0.2298 | Center: 0.7932 | Difference: -0.5634
CC  -> Model: 0.8822 | Center: 0.5354 | Difference: +0.3468
NSS -> Model: 1.8596 | Center: 0.9637 | Difference: +0.8959

=============== --backbone resnet50 ===============
Using backbone: resnet50, Skip connections: True, Attention: True
Train size of images: 10000
Train size of maps: 10000
Train size of fixations: 10000
Val size: 3500
Test size: 1500
Selected device: cuda
EPOCH 1/6
/home/marti/rocm_env/lib/python3.12/site-packages/torch/nn/functional.py:5501: UserWarning: Attempting to use hipBLASLt on an unsupported architecture! Overriding blas backend to hipblas (Triggered internally at ../aten/src/ATen/Context.cpp:296.)
  proj = linear(q, w, b)
TRAIN - EPOCH 1/6 - loss: 0.3380851447582245
VALIDATION - EPOCH 1/6 - loss: 0.2726509665653586

EPOCH 2/6
TRAIN - EPOCH 2/6 - loss: 0.29108577966690063
VALIDATION - EPOCH 2/6 - loss: 0.26080760672756526

EPOCH 3/6
TRAIN - EPOCH 3/6 - loss: 0.28050413727760315
VALIDATION - EPOCH 3/6 - loss: 0.26266842134739166

EPOCH 4/6
TRAIN - EPOCH 4/6 - loss: 0.2756037712097168
VALIDATION - EPOCH 4/6 - loss: 0.2564290497945324

EPOCH 5/6
TRAIN - EPOCH 5/6 - loss: 0.27125084400177
VALIDATION - EPOCH 5/6 - loss: 0.2524870679667007

EPOCH 6/6
TRAIN - EPOCH 6/6 - loss: 0.26901689171791077
VALIDATION - EPOCH 6/6 - loss: 0.252262105204199

EPOCH 1/50
TRAIN - EPOCH 1/50 - loss: 0.2578383684158325
VALIDATION - EPOCH 1/50 - loss: 0.24139940588985948

EPOCH 2/50
TRAIN - EPOCH 2/50 - loss: 0.23310036957263947
VALIDATION - EPOCH 2/50 - loss: 0.22303622035675397

EPOCH 3/50
TRAIN - EPOCH 3/50 - loss: 0.22117702662944794
VALIDATION - EPOCH 3/50 - loss: 0.22123857781495135

EPOCH 4/50
TRAIN - EPOCH 4/50 - loss: 0.21060827374458313
VALIDATION - EPOCH 4/50 - loss: 0.2222570634051545

EPOCH 5/50
TRAIN - EPOCH 5/50 - loss: 0.2026461660861969
VALIDATION - EPOCH 5/50 - loss: 0.22021165238395674

EPOCH 6/50
TRAIN - EPOCH 6/50 - loss: 0.1955961287021637
VALIDATION - EPOCH 6/50 - loss: 0.24145015114790772

EPOCH 7/50
TRAIN - EPOCH 7/50 - loss: 0.18948209285736084
VALIDATION - EPOCH 7/50 - loss: 0.22363317053611964

EPOCH 8/50
TRAIN - EPOCH 8/50 - loss: 0.18442194163799286
VALIDATION - EPOCH 8/50 - loss: 0.2456752519765401

EPOCH 9/50
TRAIN - EPOCH 9/50 - loss: 0.1778484284877777
VALIDATION - EPOCH 9/50 - loss: 0.21769485367487554

EPOCH 10/50
TRAIN - EPOCH 10/50 - loss: 0.17302048206329346
VALIDATION - EPOCH 10/50 - loss: 0.22239952177217562

EPOCH 11/50
TRAIN - EPOCH 11/50 - loss: 0.1678244173526764
VALIDATION - EPOCH 11/50 - loss: 0.21910453611585104

EPOCH 12/50
TRAIN - EPOCH 12/50 - loss: 0.16438758373260498
VALIDATION - EPOCH 12/50 - loss: 0.22369287329721668

EPOCH 13/50
TRAIN - EPOCH 13/50 - loss: 0.1607348620891571
VALIDATION - EPOCH 13/50 - loss: 0.2292334931354

EPOCH 14/50
TRAIN - EPOCH 14/50 - loss: 0.15292713046073914
VALIDATION - EPOCH 14/50 - loss: 0.22373643905332644


VALIDATION METRICS: 
SIM: 0.78186868422372
 CC: 0.8917910712105888
 NSS: 1.8784717990330286
 KL: 0.21768935789380756


TEST METRICS: 
SIM: 0.7843798217773438
 CC: 0.8927397848765055
 NSS: 1.8633674494425456
 KL: 0.21275040074189505

Evaluating Center Baseline vs Model...

Baseline Comparison Results:
KL  -> Model: 0.2177 | Center: 0.7932 | Difference: -0.5755
CC  -> Model: 0.8918 | Center: 0.5354 | Difference: +0.3564
NSS -> Model: 1.8785 | Center: 0.9637 | Difference: +0.9148

